// Jest Snapshot v1, https://goo.gl/fbAQLP

exports[`Square should render correctly 1`] = `
<button
  className="square"
  onClick={[Function]}
>
  X
</button>
`;
